C:\Users\y\FlowMind\.venv\Lib\site-packages\traci\__init__.py:55: UserWarning: Could not import libsumo using C:\Users\y\FlowMind\.venv\Scripts\python.exe, falling back to pure python traci (DLL load failed while importing _libsumo: 找不到指定的程序。).
  warnings.warn("Could not import libsumo using %s, falling back to pure python traci (%s)." %
Step #0.00 (0ms ?*RT. ?UPS, TraCI: 2ms, vehicles TOT 0 ACT 0 BUF 0)                      
Using cuda device
Wrapping the env in a DummyVecEnv.
Logging to data\results\tb\dqn_cross_basic\DQN_3
----------------------------------
| rollout/            |          |
|    ep_len_mean      | 120      |
|    ep_rew_mean      | -24.6    |
|    exploration_rate | 0.05     |
| time/               |          |
|    episodes         | 4        |
|    fps              | 20       |
|    time_elapsed     | 23       |
|    total_timesteps  | 480      |
----------------------------------
----------------------------------
| rollout/            |          |
|    ep_len_mean      | 120      |
|    ep_rew_mean      | -21.4    |
|    exploration_rate | 0.05     |
| time/               |          |
|    episodes         | 8        |
|    fps              | 21       |
|    time_elapsed     | 43       |
|    total_timesteps  | 960      |
----------------------------------
 100% ---------------------------- 1,000/1,000  [ 0:00:44 < 0:00:00 , 22 it/s ]
[train_dqn] saved models\dqn_cross_basic.zip (0.8 min, 1000 steps)
